Archive member included because of file (symbol)

./libcan.a(mcp2515.o)         build/main.o (can_init)
./libcan.a(mcp2515_buffer.o)  build/main.o (can_check_message)
./libcan.a(mcp2515_get_message.o)
                              build/main.o (can_get_message)
./libcan.a(mcp2515_send_message.o)
                              build/main.o (can_send_message)
./libcan.a(mcp2515_static_filter.o)
                              build/main.o (can_static_filter)
./libcan.a(mcp2515_write_id.o)
                              ./libcan.a(mcp2515_send_message.o) (mcp2515_write_id)
./libcan.a(mcp2515_read_id.o)
                              ./libcan.a(mcp2515_get_message.o) (mcp2515_read_id)
./libcan.a(spi.o)             ./libcan.a(mcp2515.o) (mcp2515_spi_init)
/usr/lib/gcc/avr/4.7.0/avr5/libgcc.a(_exit.o)
                              /usr/lib/gcc/avr/4.7.0/../../../avr/lib/avr5/crtm644.o (exit)
/usr/lib/gcc/avr/4.7.0/avr5/libgcc.a(_copy_data.o)
                              build/main.o (__do_copy_data)

Memory Configuration

Name             Origin             Length             Attributes
text             0x00000000         0x00020000         xr
data             0x00800060         0x0000ffa0         rw !x
eeprom           0x00810000         0x00010000         rw !x
fuse             0x00820000         0x00000400         rw !x
lock             0x00830000         0x00000400         rw !x
signature        0x00840000         0x00000400         rw !x
*default*        0x00000000         0xffffffff

Linker script and memory map

Address of section .data set to 0x800100
LOAD /usr/lib/gcc/avr/4.7.0/../../../avr/lib/avr5/crtm644.o
LOAD build/main.o
LOAD /usr/lib/gcc/avr/4.7.0/../../../avr/lib/avr5/libm.a
LOAD ./libcan.a
LOAD /usr/lib/gcc/avr/4.7.0/avr5/libgcc.a
LOAD /usr/lib/gcc/avr/4.7.0/../../../avr/lib/avr5/libc.a
LOAD /usr/lib/gcc/avr/4.7.0/avr5/libgcc.a

.hash
 *(.hash)

.dynsym
 *(.dynsym)

.dynstr
 *(.dynstr)

.gnu.version
 *(.gnu.version)

.gnu.version_d
 *(.gnu.version_d)

.gnu.version_r
 *(.gnu.version_r)

.rel.init
 *(.rel.init)

.rela.init
 *(.rela.init)

.rel.text
 *(.rel.text)
 *(.rel.text.*)
 *(.rel.gnu.linkonce.t*)

.rela.text
 *(.rela.text)
 *(.rela.text.*)
 *(.rela.gnu.linkonce.t*)

.rel.fini
 *(.rel.fini)

.rela.fini
 *(.rela.fini)

.rel.rodata
 *(.rel.rodata)
 *(.rel.rodata.*)
 *(.rel.gnu.linkonce.r*)

.rela.rodata
 *(.rela.rodata)
 *(.rela.rodata.*)
 *(.rela.gnu.linkonce.r*)

.rel.data
 *(.rel.data)
 *(.rel.data.*)
 *(.rel.gnu.linkonce.d*)

.rela.data
 *(.rela.data)
 *(.rela.data.*)
 *(.rela.gnu.linkonce.d*)

.rel.ctors
 *(.rel.ctors)

.rela.ctors
 *(.rela.ctors)

.rel.dtors
 *(.rel.dtors)

.rela.dtors
 *(.rela.dtors)

.rel.got
 *(.rel.got)

.rela.got
 *(.rela.got)

.rel.bss
 *(.rel.bss)

.rela.bss
 *(.rela.bss)

.rel.plt
 *(.rel.plt)

.rela.plt
 *(.rela.plt)

.text           0x00000000      0x598
 *(.vectors)
 .vectors       0x00000000       0x70 /usr/lib/gcc/avr/4.7.0/../../../avr/lib/avr5/crtm644.o
                0x00000000                __vectors
                0x00000000                __vector_default
 *(.vectors)
 *(.progmem.gcc*)
 *(.progmem*)
 .progmem.data  0x00000070       0x18 ./libcan.a(mcp2515.o)
                0x00000070                _mcp2515_cnf
                0x00000088                . = ALIGN (0x2)
                0x00000088                __trampolines_start = .
 *(.trampolines)
 .trampolines   0x00000088        0x0 linker stubs
 *(.trampolines*)
                0x00000088                __trampolines_end = .
 *(.jumptables)
 *(.jumptables*)
 *(.lowtext)
 *(.lowtext*)
                0x00000088                __ctors_start = .
 *(.ctors)
                0x00000088                __ctors_end = .
                0x00000088                __dtors_start = .
 *(.dtors)
                0x00000088                __dtors_end = .
 SORT(*)(.ctors)
 SORT(*)(.dtors)
 *(.init0)
 .init0         0x00000088        0x0 /usr/lib/gcc/avr/4.7.0/../../../avr/lib/avr5/crtm644.o
                0x00000088                __init
 *(.init0)
 *(.init1)
 *(.init1)
 *(.init2)
 .init2         0x00000088        0xc /usr/lib/gcc/avr/4.7.0/../../../avr/lib/avr5/crtm644.o
 *(.init2)
 *(.init3)
 *(.init3)
 *(.init4)
 .init4         0x00000094       0x16 /usr/lib/gcc/avr/4.7.0/avr5/libgcc.a(_copy_data.o)
                0x00000094                __do_copy_data
 *(.init4)
 *(.init5)
 *(.init5)
 *(.init6)
 *(.init6)
 *(.init7)
 *(.init7)
 *(.init8)
 *(.init8)
 *(.init9)
 .init9         0x000000aa        0x8 /usr/lib/gcc/avr/4.7.0/../../../avr/lib/avr5/crtm644.o
 *(.init9)
 *(.text)
 .text          0x000000b2        0x4 /usr/lib/gcc/avr/4.7.0/../../../avr/lib/avr5/crtm644.o
                0x000000b2                __vector_22
                0x000000b2                __vector_1
                0x000000b2                __vector_24
                0x000000b2                __vector_12
                0x000000b2                __bad_interrupt
                0x000000b2                __vector_6
                0x000000b2                __vector_3
                0x000000b2                __vector_23
                0x000000b2                __vector_25
                0x000000b2                __vector_11
                0x000000b2                __vector_13
                0x000000b2                __vector_17
                0x000000b2                __vector_19
                0x000000b2                __vector_7
                0x000000b2                __vector_27
                0x000000b2                __vector_5
                0x000000b2                __vector_4
                0x000000b2                __vector_9
                0x000000b2                __vector_2
                0x000000b2                __vector_21
                0x000000b2                __vector_15
                0x000000b2                __vector_8
                0x000000b2                __vector_26
                0x000000b2                __vector_14
                0x000000b2                __vector_10
                0x000000b2                __vector_16
                0x000000b2                __vector_18
                0x000000b2                __vector_20
 .text          0x000000b6        0x0 build/main.o
 .text          0x000000b6      0x148 ./libcan.a(mcp2515.o)
                0x000000b6                mcp2515_read_status
                0x000000c6                mcp2515_bit_modify
                0x000000f6                mcp2515_read_register
                0x00000114                mcp2515_write_register
                0x00000138                can_init
 .text          0x000001fe       0x20 ./libcan.a(mcp2515_buffer.o)
                0x000001fe                can_check_message
                0x0000020a                can_check_free_buffer
 .text          0x0000021e       0xb6 ./libcan.a(mcp2515_get_message.o)
                0x0000021e                can_get_message
 .text          0x000002d4       0xa0 ./libcan.a(mcp2515_send_message.o)
                0x000002d4                can_send_message
 .text          0x00000374       0x78 ./libcan.a(mcp2515_static_filter.o)
                0x00000374                can_static_filter
 .text          0x000003ec       0x74 ./libcan.a(mcp2515_write_id.o)
                0x000003ec                mcp2515_write_id
 .text          0x00000460       0x9a ./libcan.a(mcp2515_read_id.o)
                0x00000460                mcp2515_read_id
 .text          0x000004fa       0x14 ./libcan.a(spi.o)
                0x000004fa                mcp2515_spi_init
                0x00000504                spi_putc
 .text          0x0000050e        0x0 /usr/lib/gcc/avr/4.7.0/avr5/libgcc.a(_exit.o)
 .text          0x0000050e        0x0 /usr/lib/gcc/avr/4.7.0/avr5/libgcc.a(_copy_data.o)
                0x0000050e                . = ALIGN (0x2)
 *(.text.*)
 .text.startup  0x0000050e       0x86 build/main.o
                0x0000050e                main
 .text.libgcc.mul
                0x00000594        0x0 /usr/lib/gcc/avr/4.7.0/avr5/libgcc.a(_exit.o)
 .text.libgcc.div
                0x00000594        0x0 /usr/lib/gcc/avr/4.7.0/avr5/libgcc.a(_exit.o)
 .text.libgcc   0x00000594        0x0 /usr/lib/gcc/avr/4.7.0/avr5/libgcc.a(_exit.o)
 .text.libgcc.prologue
                0x00000594        0x0 /usr/lib/gcc/avr/4.7.0/avr5/libgcc.a(_exit.o)
 .text.libgcc.builtins
                0x00000594        0x0 /usr/lib/gcc/avr/4.7.0/avr5/libgcc.a(_exit.o)
 .text.libgcc.fmul
                0x00000594        0x0 /usr/lib/gcc/avr/4.7.0/avr5/libgcc.a(_exit.o)
 .text.libgcc.mul
                0x00000594        0x0 /usr/lib/gcc/avr/4.7.0/avr5/libgcc.a(_copy_data.o)
 .text.libgcc.div
                0x00000594        0x0 /usr/lib/gcc/avr/4.7.0/avr5/libgcc.a(_copy_data.o)
 .text.libgcc   0x00000594        0x0 /usr/lib/gcc/avr/4.7.0/avr5/libgcc.a(_copy_data.o)
 .text.libgcc.prologue
                0x00000594        0x0 /usr/lib/gcc/avr/4.7.0/avr5/libgcc.a(_copy_data.o)
 .text.libgcc.builtins
                0x00000594        0x0 /usr/lib/gcc/avr/4.7.0/avr5/libgcc.a(_copy_data.o)
 .text.libgcc.fmul
                0x00000594        0x0 /usr/lib/gcc/avr/4.7.0/avr5/libgcc.a(_copy_data.o)
                0x00000594                . = ALIGN (0x2)
 *(.fini9)
 .fini9         0x00000594        0x0 /usr/lib/gcc/avr/4.7.0/avr5/libgcc.a(_exit.o)
                0x00000594                exit
                0x00000594                _exit
 *(.fini9)
 *(.fini8)
 *(.fini8)
 *(.fini7)
 *(.fini7)
 *(.fini6)
 *(.fini6)
 *(.fini5)
 *(.fini5)
 *(.fini4)
 *(.fini4)
 *(.fini3)
 *(.fini3)
 *(.fini2)
 *(.fini2)
 *(.fini1)
 *(.fini1)
 *(.fini0)
 .fini0         0x00000594        0x4 /usr/lib/gcc/avr/4.7.0/avr5/libgcc.a(_exit.o)
 *(.fini0)
                0x00000598                _etext = .

.data           0x00800100       0x20 load address 0x00000598
                0x00800100                PROVIDE (__data_start, .)
 *(.data)
 .data          0x00800100        0x0 /usr/lib/gcc/avr/4.7.0/../../../avr/lib/avr5/crtm644.o
 .data          0x00800100       0x20 build/main.o
                0x00800100                can_filter
 .data          0x00800120        0x0 ./libcan.a(mcp2515.o)
 .data          0x00800120        0x0 ./libcan.a(mcp2515_buffer.o)
 .data          0x00800120        0x0 ./libcan.a(mcp2515_get_message.o)
 .data          0x00800120        0x0 ./libcan.a(mcp2515_send_message.o)
 .data          0x00800120        0x0 ./libcan.a(mcp2515_static_filter.o)
 .data          0x00800120        0x0 ./libcan.a(mcp2515_write_id.o)
 .data          0x00800120        0x0 ./libcan.a(mcp2515_read_id.o)
 .data          0x00800120        0x0 ./libcan.a(spi.o)
 .data          0x00800120        0x0 /usr/lib/gcc/avr/4.7.0/avr5/libgcc.a(_exit.o)
 .data          0x00800120        0x0 /usr/lib/gcc/avr/4.7.0/avr5/libgcc.a(_copy_data.o)
 *(.data*)
 *(.rodata)
 *(.rodata*)
 *(.gnu.linkonce.d*)
                0x00800120                . = ALIGN (0x2)
                0x00800120                _edata = .
                0x00800120                PROVIDE (__data_end, .)

.bss            0x00800120        0x0
                0x00800120                PROVIDE (__bss_start, .)
 *(.bss)
 .bss           0x00800120        0x0 /usr/lib/gcc/avr/4.7.0/../../../avr/lib/avr5/crtm644.o
 .bss           0x00800120        0x0 build/main.o
 .bss           0x00800120        0x0 ./libcan.a(mcp2515.o)
 .bss           0x00800120        0x0 ./libcan.a(mcp2515_buffer.o)
 .bss           0x00800120        0x0 ./libcan.a(mcp2515_get_message.o)
 .bss           0x00800120        0x0 ./libcan.a(mcp2515_send_message.o)
 .bss           0x00800120        0x0 ./libcan.a(mcp2515_static_filter.o)
 .bss           0x00800120        0x0 ./libcan.a(mcp2515_write_id.o)
 .bss           0x00800120        0x0 ./libcan.a(mcp2515_read_id.o)
 .bss           0x00800120        0x0 ./libcan.a(spi.o)
 .bss           0x00800120        0x0 /usr/lib/gcc/avr/4.7.0/avr5/libgcc.a(_exit.o)
 .bss           0x00800120        0x0 /usr/lib/gcc/avr/4.7.0/avr5/libgcc.a(_copy_data.o)
 *(.bss*)
 *(COMMON)
                0x00800120                PROVIDE (__bss_end, .)
                0x00000598                __data_load_start = LOADADDR (.data)
                0x000005b8                __data_load_end = (__data_load_start + SIZEOF (.data))

.noinit         0x00800120        0x0
                0x00800120                PROVIDE (__noinit_start, .)
 *(.noinit*)
                0x00800120                PROVIDE (__noinit_end, .)
                0x00800120                _end = .
                0x00800120                PROVIDE (__heap_start, .)

.eeprom         0x00810000        0x0
 *(.eeprom*)
                0x00810000                __eeprom_end = .

.fuse
 *(.fuse)
 *(.lfuse)
 *(.hfuse)
 *(.efuse)

.lock
 *(.lock*)

.signature
 *(.signature*)

.stab           0x00000000      0x6cc
 *(.stab)
 .stab          0x00000000      0x6cc /usr/lib/gcc/avr/4.7.0/../../../avr/lib/avr5/crtm644.o

.stabstr        0x00000000       0x54
 *(.stabstr)
 .stabstr       0x00000000       0x54 /usr/lib/gcc/avr/4.7.0/../../../avr/lib/avr5/crtm644.o

.stab.excl
 *(.stab.excl)

.stab.exclstr
 *(.stab.exclstr)

.stab.index
 *(.stab.index)

.stab.indexstr
 *(.stab.indexstr)

.comment        0x00000000       0x11
 *(.comment)
 .comment       0x00000000       0x11 build/main.o
                                 0x12 (size before relaxing)

.debug
 *(.debug)

.line
 *(.line)

.debug_srcinfo
 *(.debug_srcinfo)

.debug_sfnames
 *(.debug_sfnames)

.debug_aranges  0x00000000      0x120
 *(.debug_aranges)
 .debug_aranges
                0x00000000       0x20 build/main.o
 .debug_aranges
                0x00000020       0x20 ./libcan.a(mcp2515.o)
 .debug_aranges
                0x00000040       0x20 ./libcan.a(mcp2515_buffer.o)
 .debug_aranges
                0x00000060       0x20 ./libcan.a(mcp2515_get_message.o)
 .debug_aranges
                0x00000080       0x20 ./libcan.a(mcp2515_send_message.o)
 .debug_aranges
                0x000000a0       0x20 ./libcan.a(mcp2515_static_filter.o)
 .debug_aranges
                0x000000c0       0x20 ./libcan.a(mcp2515_write_id.o)
 .debug_aranges
                0x000000e0       0x20 ./libcan.a(mcp2515_read_id.o)
 .debug_aranges
                0x00000100       0x20 ./libcan.a(spi.o)

.debug_pubnames
                0x00000000      0x1cc
 *(.debug_pubnames)
 .debug_pubnames
                0x00000000       0x94 ./libcan.a(mcp2515.o)
 .debug_pubnames
                0x00000094       0x42 ./libcan.a(mcp2515_buffer.o)
 .debug_pubnames
                0x000000d6       0x26 ./libcan.a(mcp2515_get_message.o)
 .debug_pubnames
                0x000000fc       0x27 ./libcan.a(mcp2515_send_message.o)
 .debug_pubnames
                0x00000123       0x28 ./libcan.a(mcp2515_static_filter.o)
 .debug_pubnames
                0x0000014b       0x27 ./libcan.a(mcp2515_write_id.o)
 .debug_pubnames
                0x00000172       0x26 ./libcan.a(mcp2515_read_id.o)
 .debug_pubnames
                0x00000198       0x34 ./libcan.a(spi.o)

.debug_info     0x00000000      0xe89
 *(.debug_info)
 .debug_info    0x00000000      0x2a7 build/main.o
 .debug_info    0x000002a7      0x2d1 ./libcan.a(mcp2515.o)
 .debug_info    0x00000578       0xb2 ./libcan.a(mcp2515_buffer.o)
 .debug_info    0x0000062a      0x181 ./libcan.a(mcp2515_get_message.o)
 .debug_info    0x000007ab      0x26c ./libcan.a(mcp2515_send_message.o)
 .debug_info    0x00000a17       0xfa ./libcan.a(mcp2515_static_filter.o)
 .debug_info    0x00000b11      0x13c ./libcan.a(mcp2515_write_id.o)
 .debug_info    0x00000c4d      0x191 ./libcan.a(mcp2515_read_id.o)
 .debug_info    0x00000dde       0xab ./libcan.a(spi.o)
 *(.gnu.linkonce.wi.*)

.debug_abbrev   0x00000000      0x88f
 *(.debug_abbrev)
 .debug_abbrev  0x00000000      0x17e build/main.o
 .debug_abbrev  0x0000017e      0x12e ./libcan.a(mcp2515.o)
 .debug_abbrev  0x000002ac       0x7b ./libcan.a(mcp2515_buffer.o)
 .debug_abbrev  0x00000327      0x10c ./libcan.a(mcp2515_get_message.o)
 .debug_abbrev  0x00000433      0x173 ./libcan.a(mcp2515_send_message.o)
 .debug_abbrev  0x000005a6       0x9d ./libcan.a(mcp2515_static_filter.o)
 .debug_abbrev  0x00000643       0xe8 ./libcan.a(mcp2515_write_id.o)
 .debug_abbrev  0x0000072b       0xe9 ./libcan.a(mcp2515_read_id.o)
 .debug_abbrev  0x00000814       0x7b ./libcan.a(spi.o)

.debug_line     0x00000000      0xc5d
 *(.debug_line)
 .debug_line    0x00000000       0x92 build/main.o
 .debug_line    0x00000092      0x31d ./libcan.a(mcp2515.o)
 .debug_line    0x000003af       0xc1 ./libcan.a(mcp2515_buffer.o)
 .debug_line    0x00000470      0x142 ./libcan.a(mcp2515_get_message.o)
 .debug_line    0x000005b2      0x1ad ./libcan.a(mcp2515_send_message.o)
 .debug_line    0x0000075f      0x163 ./libcan.a(mcp2515_static_filter.o)
 .debug_line    0x000008c2      0x144 ./libcan.a(mcp2515_write_id.o)
 .debug_line    0x00000a06      0x189 ./libcan.a(mcp2515_read_id.o)
 .debug_line    0x00000b8f       0xce ./libcan.a(spi.o)

.debug_frame    0x00000000      0x194
 *(.debug_frame)
 .debug_frame   0x00000000       0x34 build/main.o
 .debug_frame   0x00000034       0x60 ./libcan.a(mcp2515.o)
 .debug_frame   0x00000094       0x30 ./libcan.a(mcp2515_buffer.o)
 .debug_frame   0x000000c4       0x20 ./libcan.a(mcp2515_get_message.o)
 .debug_frame   0x000000e4       0x20 ./libcan.a(mcp2515_send_message.o)
 .debug_frame   0x00000104       0x20 ./libcan.a(mcp2515_static_filter.o)
 .debug_frame   0x00000124       0x20 ./libcan.a(mcp2515_write_id.o)
 .debug_frame   0x00000144       0x20 ./libcan.a(mcp2515_read_id.o)
 .debug_frame   0x00000164       0x30 ./libcan.a(spi.o)

.debug_str      0x00000000      0x400
 *(.debug_str)
 .debug_str     0x00000000      0x1af build/main.o
                                0x1eb (size before relaxing)
 .debug_str     0x000001af      0x13c ./libcan.a(mcp2515.o)
                                0x1d1 (size before relaxing)
 .debug_str     0x000002eb       0x27 ./libcan.a(mcp2515_buffer.o)
                                0x117 (size before relaxing)
 .debug_str     0x00000312       0x1b ./libcan.a(mcp2515_get_message.o)
                                0x12d (size before relaxing)
 .debug_str     0x0000032d       0x3c ./libcan.a(mcp2515_send_message.o)
                                0x192 (size before relaxing)
 .debug_str     0x00000369       0x18 ./libcan.a(mcp2515_static_filter.o)
                                0x12a (size before relaxing)
 .debug_str     0x00000381       0x37 ./libcan.a(mcp2515_write_id.o)
                                0x11f (size before relaxing)
 .debug_str     0x000003b8       0x28 ./libcan.a(mcp2515_read_id.o)
                                0x11a (size before relaxing)
 .debug_str     0x000003e0       0x20 ./libcan.a(spi.o)
                                 0xf6 (size before relaxing)

.debug_loc      0x00000000      0x45a
 *(.debug_loc)
 .debug_loc     0x00000000       0x47 build/main.o
 .debug_loc     0x00000047      0x177 ./libcan.a(mcp2515.o)
 .debug_loc     0x000001be       0xab ./libcan.a(mcp2515_get_message.o)
 .debug_loc     0x00000269       0x95 ./libcan.a(mcp2515_send_message.o)
 .debug_loc     0x000002fe       0x79 ./libcan.a(mcp2515_static_filter.o)
 .debug_loc     0x00000377       0x46 ./libcan.a(mcp2515_write_id.o)
 .debug_loc     0x000003bd       0x8a ./libcan.a(mcp2515_read_id.o)
 .debug_loc     0x00000447       0x13 ./libcan.a(spi.o)

.debug_macinfo
 *(.debug_macinfo)
OUTPUT(can_testprogram.elf elf32-avr)
LOAD linker stubs

.debug_ranges   0x00000000       0x30
 .debug_ranges  0x00000000       0x10 build/main.o
 .debug_ranges  0x00000010       0x20 ./libcan.a(mcp2515.o)

Cross Reference Table

Symbol                                            File
__bad_interrupt                                   /usr/lib/gcc/avr/4.7.0/../../../avr/lib/avr5/crtm644.o
__data_end                                        /usr/lib/gcc/avr/4.7.0/avr5/libgcc.a(_copy_data.o)
__data_load_start                                 /usr/lib/gcc/avr/4.7.0/avr5/libgcc.a(_copy_data.o)
__data_start                                      /usr/lib/gcc/avr/4.7.0/avr5/libgcc.a(_copy_data.o)
__do_copy_data                                    /usr/lib/gcc/avr/4.7.0/avr5/libgcc.a(_copy_data.o)
                                                  build/main.o
__heap_end                                        /usr/lib/gcc/avr/4.7.0/../../../avr/lib/avr5/crtm644.o
__init                                            /usr/lib/gcc/avr/4.7.0/../../../avr/lib/avr5/crtm644.o
__stack                                           /usr/lib/gcc/avr/4.7.0/../../../avr/lib/avr5/crtm644.o
__vector_1                                        /usr/lib/gcc/avr/4.7.0/../../../avr/lib/avr5/crtm644.o
__vector_10                                       /usr/lib/gcc/avr/4.7.0/../../../avr/lib/avr5/crtm644.o
__vector_11                                       /usr/lib/gcc/avr/4.7.0/../../../avr/lib/avr5/crtm644.o
__vector_12                                       /usr/lib/gcc/avr/4.7.0/../../../avr/lib/avr5/crtm644.o
__vector_13                                       /usr/lib/gcc/avr/4.7.0/../../../avr/lib/avr5/crtm644.o
__vector_14                                       /usr/lib/gcc/avr/4.7.0/../../../avr/lib/avr5/crtm644.o
__vector_15                                       /usr/lib/gcc/avr/4.7.0/../../../avr/lib/avr5/crtm644.o
__vector_16                                       /usr/lib/gcc/avr/4.7.0/../../../avr/lib/avr5/crtm644.o
__vector_17                                       /usr/lib/gcc/avr/4.7.0/../../../avr/lib/avr5/crtm644.o
__vector_18                                       /usr/lib/gcc/avr/4.7.0/../../../avr/lib/avr5/crtm644.o
__vector_19                                       /usr/lib/gcc/avr/4.7.0/../../../avr/lib/avr5/crtm644.o
__vector_2                                        /usr/lib/gcc/avr/4.7.0/../../../avr/lib/avr5/crtm644.o
__vector_20                                       /usr/lib/gcc/avr/4.7.0/../../../avr/lib/avr5/crtm644.o
__vector_21                                       /usr/lib/gcc/avr/4.7.0/../../../avr/lib/avr5/crtm644.o
__vector_22                                       /usr/lib/gcc/avr/4.7.0/../../../avr/lib/avr5/crtm644.o
__vector_23                                       /usr/lib/gcc/avr/4.7.0/../../../avr/lib/avr5/crtm644.o
__vector_24                                       /usr/lib/gcc/avr/4.7.0/../../../avr/lib/avr5/crtm644.o
__vector_25                                       /usr/lib/gcc/avr/4.7.0/../../../avr/lib/avr5/crtm644.o
__vector_26                                       /usr/lib/gcc/avr/4.7.0/../../../avr/lib/avr5/crtm644.o
__vector_27                                       /usr/lib/gcc/avr/4.7.0/../../../avr/lib/avr5/crtm644.o
__vector_3                                        /usr/lib/gcc/avr/4.7.0/../../../avr/lib/avr5/crtm644.o
__vector_4                                        /usr/lib/gcc/avr/4.7.0/../../../avr/lib/avr5/crtm644.o
__vector_5                                        /usr/lib/gcc/avr/4.7.0/../../../avr/lib/avr5/crtm644.o
__vector_6                                        /usr/lib/gcc/avr/4.7.0/../../../avr/lib/avr5/crtm644.o
__vector_7                                        /usr/lib/gcc/avr/4.7.0/../../../avr/lib/avr5/crtm644.o
__vector_8                                        /usr/lib/gcc/avr/4.7.0/../../../avr/lib/avr5/crtm644.o
__vector_9                                        /usr/lib/gcc/avr/4.7.0/../../../avr/lib/avr5/crtm644.o
__vector_default                                  /usr/lib/gcc/avr/4.7.0/../../../avr/lib/avr5/crtm644.o
__vectors                                         /usr/lib/gcc/avr/4.7.0/../../../avr/lib/avr5/crtm644.o
_exit                                             /usr/lib/gcc/avr/4.7.0/avr5/libgcc.a(_exit.o)
_mcp2515_cnf                                      ./libcan.a(mcp2515.o)
can_check_free_buffer                             ./libcan.a(mcp2515_buffer.o)
can_check_message                                 ./libcan.a(mcp2515_buffer.o)
                                                  build/main.o
can_filter                                        build/main.o
can_get_message                                   ./libcan.a(mcp2515_get_message.o)
                                                  build/main.o
can_init                                          ./libcan.a(mcp2515.o)
                                                  build/main.o
can_send_message                                  ./libcan.a(mcp2515_send_message.o)
                                                  build/main.o
can_static_filter                                 ./libcan.a(mcp2515_static_filter.o)
                                                  build/main.o
exit                                              /usr/lib/gcc/avr/4.7.0/avr5/libgcc.a(_exit.o)
                                                  /usr/lib/gcc/avr/4.7.0/../../../avr/lib/avr5/crtm644.o
main                                              build/main.o
                                                  /usr/lib/gcc/avr/4.7.0/../../../avr/lib/avr5/crtm644.o
mcp2515_bit_modify                                ./libcan.a(mcp2515.o)
                                                  ./libcan.a(mcp2515_static_filter.o)
                                                  ./libcan.a(mcp2515_get_message.o)
mcp2515_read_id                                   ./libcan.a(mcp2515_read_id.o)
                                                  ./libcan.a(mcp2515_get_message.o)
mcp2515_read_register                             ./libcan.a(mcp2515.o)
                                                  ./libcan.a(mcp2515_static_filter.o)
mcp2515_read_status                               ./libcan.a(mcp2515.o)
                                                  ./libcan.a(mcp2515_send_message.o)
                                                  ./libcan.a(mcp2515_get_message.o)
                                                  ./libcan.a(mcp2515_buffer.o)
mcp2515_spi_init                                  ./libcan.a(spi.o)
                                                  ./libcan.a(mcp2515.o)
mcp2515_write_id                                  ./libcan.a(mcp2515_write_id.o)
                                                  ./libcan.a(mcp2515_send_message.o)
mcp2515_write_register                            ./libcan.a(mcp2515.o)
                                                  ./libcan.a(mcp2515_static_filter.o)
spi_putc                                          ./libcan.a(spi.o)
                                                  ./libcan.a(mcp2515_read_id.o)
                                                  ./libcan.a(mcp2515_write_id.o)
                                                  ./libcan.a(mcp2515_static_filter.o)
                                                  ./libcan.a(mcp2515_send_message.o)
                                                  ./libcan.a(mcp2515_get_message.o)
                                                  ./libcan.a(mcp2515.o)
