
Allocating common symbols
Common symbol       size              file

message_data_counter
                    0x1               build/mcp2515_asm.o
message_data        0x4               build/mcp2515_asm.o
message_number      0x1               build/mcp2515_asm.o
message_data_length
                    0x1               build/mcp2515_asm.o

Memory Configuration

Name             Origin             Length             Attributes
text             0x00000000         0x00020000         xr
data             0x00800060         0x0000ffa0         rw !x
eeprom           0x00810000         0x00010000         rw !x
fuse             0x00820000         0x00000400         rw !x
lock             0x00830000         0x00000400         rw !x
signature        0x00840000         0x00000400         rw !x
*default*        0x00000000         0xffffffff

Linker script and memory map

Address of section .data set to 0x800100
LOAD build/main.o
LOAD build/mcp2515.o
LOAD build/mcp2515_asm.o
Address of section .text set to 0xfc00
LOAD /usr/lib/gcc/avr/4.5.3/../../../avr/lib/avr5/libm.a

.hash
 *(.hash)

.dynsym
 *(.dynsym)

.dynstr
 *(.dynstr)

.gnu.version
 *(.gnu.version)

.gnu.version_d
 *(.gnu.version_d)

.gnu.version_r
 *(.gnu.version_r)

.rel.init
 *(.rel.init)

.rela.init
 *(.rela.init)

.rel.text
 *(.rel.text)
 *(.rel.text.*)
 *(.rel.gnu.linkonce.t*)

.rela.text
 *(.rela.text)
 *(.rela.text.*)
 *(.rela.gnu.linkonce.t*)

.rel.fini
 *(.rel.fini)

.rela.fini
 *(.rela.fini)

.rel.rodata
 *(.rel.rodata)
 *(.rel.rodata.*)
 *(.rel.gnu.linkonce.r*)

.rela.rodata
 *(.rela.rodata)
 *(.rela.rodata.*)
 *(.rela.gnu.linkonce.r*)

.rel.data
 *(.rel.data)
 *(.rel.data.*)
 *(.rel.gnu.linkonce.d*)

.rela.data
 *(.rela.data)
 *(.rela.data.*)
 *(.rela.gnu.linkonce.d*)

.rel.ctors
 *(.rel.ctors)

.rela.ctors
 *(.rela.ctors)

.rel.dtors
 *(.rel.dtors)

.rela.dtors
 *(.rela.dtors)

.rel.got
 *(.rel.got)

.rela.got
 *(.rela.got)

.rel.bss
 *(.rel.bss)

.rela.bss
 *(.rela.bss)

.rel.plt
 *(.rel.plt)

.rela.plt
 *(.rela.plt)

.text           0x0000fc00      0x3f8
 *(.vectors)
 .vectors       0x0000fc00        0x2 build/main.o
                0x0000fc00                boot
 *(.vectors)
 *(.progmem.gcc*)
 *(.progmem*)
 .progmem.data  0x0000fc02       0x2d build/mcp2515.o
                0x0000fc30                . = ALIGN (0x2)
 *fill*         0x0000fc2f        0x1 00
                0x0000fc30                __trampolines_start = .
 *(.trampolines)
 .trampolines   0x0000fc30        0x0 linker stubs
 *(.trampolines*)
                0x0000fc30                __trampolines_end = .
 *(.jumptables)
 *(.jumptables*)
 *(.lowtext)
 *(.lowtext*)
                0x0000fc30                __ctors_start = .
 *(.ctors)
                0x0000fc30                __ctors_end = .
                0x0000fc30                __dtors_start = .
 *(.dtors)
                0x0000fc30                __dtors_end = .
 SORT(*)(.ctors)
 SORT(*)(.dtors)
 *(.init0)
 *(.init0)
 *(.init1)
 *(.init1)
 *(.init2)
 .init2         0x0000fc30       0x1c build/main.o
                0x0000fc30                init
 *(.init2)
 *(.init3)
 .init3         0x0000fc4c       0x64 build/mcp2515.o
                0x0000fc4c                mcp2515_init
 *(.init3)
 *(.init4)
 *(.init4)
 *(.init5)
 *(.init5)
 *(.init6)
 *(.init6)
 *(.init7)
 *(.init7)
 *(.init8)
 *(.init8)
 *(.init9)
 .init9         0x0000fcb0      0x1da build/main.o
                0x0000fcb0                main
 *(.init9)
 *(.text)
 .text          0x0000fe8a       0x7e build/main.o
                0x0000fe8a                boot_jump_to_application
                0x0000fea0                boot_program_page
 .text          0x0000ff08        0x0 build/mcp2515.o
 .text          0x0000ff08       0xf0 build/mcp2515_asm.o
                0x0000ff0a                spi_putc
                0x0000ff18                mcp2515_write_register
                0x0000ff2a                mcp2515_read_status
                0x0000ff34                mcp2515_get_message
                0x0000ffac                mcp2515_send_message
                0x0000fff8                . = ALIGN (0x2)
 *(.text.*)
                0x0000fff8                . = ALIGN (0x2)
 *(.fini9)
 *(.fini9)
 *(.fini8)
 *(.fini8)
 *(.fini7)
 *(.fini7)
 *(.fini6)
 *(.fini6)
 *(.fini5)
 *(.fini5)
 *(.fini4)
 *(.fini4)
 *(.fini3)
 *(.fini3)
 *(.fini2)
 *(.fini2)
 *(.fini1)
 *(.fini1)
 *(.fini0)
 *(.fini0)
                0x0000fff8                _etext = .

.data           0x00800100        0x0 load address 0x0000fff8
                0x00800100                PROVIDE (__data_start, .)
 *(.data)
 .data          0x00800100        0x0 build/main.o
 .data          0x00800100        0x0 build/mcp2515.o
 .data          0x00800100        0x0 build/mcp2515_asm.o
 *(.data*)
 *(.rodata)
 *(.rodata*)
 *(.gnu.linkonce.d*)
                0x00800100                . = ALIGN (0x2)
                0x00800100                _edata = .
                0x00800100                PROVIDE (__data_end, .)

.bss            0x00800100      0x10e
                0x00800100                PROVIDE (__bss_start, .)
 *(.bss)
 .bss           0x00800100      0x104 build/main.o
 .bss           0x00800204        0x0 build/mcp2515.o
 .bss           0x00800204        0x0 build/mcp2515_asm.o
 *(.bss*)
 *(COMMON)
 COMMON         0x00800204        0xa build/mcp2515_asm.o
                0x00800204                message_data_counter
                0x00800208                message_data
                0x0080020c                message_number
                0x0080020d                message_data_length
                0x0080020e                PROVIDE (__bss_end, .)
                0x0000fff8                __data_load_start = LOADADDR (.data)
                0x0000fff8                __data_load_end = (__data_load_start + SIZEOF (.data))

.noinit         0x0080020e        0x0
                0x0080020e                PROVIDE (__noinit_start, .)
 *(.noinit*)
                0x0080020e                PROVIDE (__noinit_end, .)
                0x0080020e                _end = .
                0x0080020e                PROVIDE (__heap_start, .)

.eeprom         0x00810000        0x0
 *(.eeprom*)
                0x00810000                __eeprom_end = .

.fuse
 *(.fuse)
 *(.lfuse)
 *(.hfuse)
 *(.efuse)

.lock
 *(.lock*)

.signature
 *(.signature*)

.stab           0x00000000     0x144c
 *(.stab)
 .stab          0x00000000      0xb70 build/main.o
 .stab          0x00000b70      0x2dc build/mcp2515.o
                                0x558 (size before relaxing)
 .stab          0x00000e4c      0x600 build/mcp2515_asm.o
                                0x60c (size before relaxing)

.stabstr        0x00000000      0xe50
 *(.stabstr)
 .stabstr       0x00000000      0xe50 build/main.o

.stab.excl
 *(.stab.excl)

.stab.exclstr
 *(.stab.exclstr)

.stab.index
 *(.stab.index)

.stab.indexstr
 *(.stab.indexstr)

.comment
 *(.comment)

.debug
 *(.debug)

.line
 *(.line)

.debug_srcinfo
 *(.debug_srcinfo)

.debug_sfnames
 *(.debug_sfnames)

.debug_aranges
 *(.debug_aranges)

.debug_pubnames
 *(.debug_pubnames)

.debug_info
 *(.debug_info)
 *(.gnu.linkonce.wi.*)

.debug_abbrev
 *(.debug_abbrev)

.debug_line
 *(.debug_line)

.debug_frame
 *(.debug_frame)

.debug_str
 *(.debug_str)

.debug_loc
 *(.debug_loc)

.debug_macinfo
 *(.debug_macinfo)
OUTPUT(bootloader.elf elf32-avr)
LOAD linker stubs

Cross Reference Table

Symbol                                            File
__do_clear_bss                                    build/main.o
boot                                              build/main.o
boot_jump_to_application                          build/main.o
boot_program_page                                 build/main.o
init                                              build/main.o
main                                              build/main.o
mcp2515_get_message                               build/mcp2515_asm.o
                                                  build/main.o
mcp2515_init                                      build/mcp2515.o
mcp2515_read_status                               build/mcp2515_asm.o
mcp2515_send_message                              build/mcp2515_asm.o
                                                  build/main.o
mcp2515_write_register                            build/mcp2515_asm.o
                                                  build/mcp2515.o
message_data                                      build/mcp2515_asm.o
                                                  build/main.o
message_data_counter                              build/mcp2515_asm.o
                                                  build/main.o
message_data_length                               build/mcp2515_asm.o
                                                  build/main.o
message_number                                    build/mcp2515_asm.o
                                                  build/main.o
spi_putc                                          build/mcp2515_asm.o
                                                  build/mcp2515.o
